../Core/Src/main.c:62:6:Display_Temp	40	static
../Core/Src/main.c:72:6:Display_Rh	40	static
../Core/Src/main.c:89:6:Set_Pin_Output	32	static
../Core/Src/main.c:98:6:Set_Pin_Input	32	static
../Core/Src/main.c:109:6:DHT11_Start	8	static
../Core/Src/main.c:119:9:DHT11_Check_Response	16	static
../Core/Src/main.c:134:9:DHT11_Read	16	static
../Core/Src/main.c:156:5:main	8	static
../Core/Src/main.c:219:6:SystemClock_Config	72	static
../Core/Src/main.c:259:13:MX_I2C1_Init	8	static
../Core/Src/main.c:293:13:MX_TIM1_Init	32	static
../Core/Src/main.c:339:13:MX_GPIO_Init	16	static
../Core/Src/main.c:349:6:delay_us	16	static
../Core/Src/main.c:360:6:Error_Handler	4	static,ignoring_inline_asm
